
> frontend@0.0.0 build
> vite build

[36mvite v7.3.1 [32mbuilding client environment for production...[36m[39m
transforming...
node.exe : Error: 
Cannot apply unknown 
utility class 
`border-bg-panel`
At D:\study 
stuff\coding 
stuff\Microsoft VS 
Code\npm.ps1:29 
char:3
+   & $NODE_EXE 
$NPM_CLI_JS $args
+   ~~~~~~~~~~~~~~~~~
~~~~~~~~~~~~
    + CategoryInfo   
           : 
NotSpecified: (E    
rror: Cannot 
a...orde    
r-bg-panel`:String) 
[    ], 
RemoteException
    + 
FullyQualifiedError  
  Id : 
NativeCommandErr    
or
 
    at 
onInvalidCandidate 
(D:\study stuff\credi
t_risk_project\fronte
nd\node_modules\tailw
indcss\dist\lib.js:21
:1511)
    at Te (D:\study s
tuff\credit_risk_proj
ect\frontend\node_mod
ules\tailwindcss\dist
\lib.js:16:36652)
    at D:\study stuff
\credit_risk_project\
frontend\node_modules
\tailwindcss\dist\lib
.js:21:355
    at Rr (D:\study s
tuff\credit_risk_proj
ect\frontend\node_mod
ules\tailwindcss\dist
\lib.js:3:1718)
    at _ (D:\study st
uff\credit_risk_proje
ct\frontend\node_modu
les\tailwindcss\dist\
lib.js:3:1377)
    at $e (D:\study s
tuff\credit_risk_proj
ect\frontend\node_mod
ules\tailwindcss\dist
\lib.js:21:172)
    at un (D:\study s
tuff\credit_risk_proj
ect\frontend\node_mod
ules\tailwindcss\dist
\lib.js:38:294)
    at async cn 
(D:\study stuff\credi
t_risk_project\fronte
nd\node_modules\tailw
indcss\dist\lib.js:38
:631)
    at async Xr 
(D:\study stuff\credi
t_risk_project\fronte
nd\node_modules\@tail
windcss\node\dist\ind
ex.js:10:3417)
    at async I 
(D:\study stuff\credi
t_risk_project\fronte
nd\node_modules\@tail
windcss\postcss\dist\
index.js:10:3977)
[32mΓ£ô[39m 1690 modules transformed.
[31mΓ£ù[39m Build 
failed in 1.82s
[31merror during 
build:
[31m[vite:css] 
[postcss] 
tailwindcss: 
D:/study stuff/credit
_risk_project/fronten
d/src/index.css:1:1: 
Cannot apply unknown 
utility class `border
-bg-panel`[31m
file: [36mD:/study s
tuff/credit_risk_proj
ect/frontend/src/inde
x.css:1:0[31m
    at Input.error 
(D:\study stuff\credi
t_risk_project\fronte
nd\node_modules\postc
ss\lib\input.js:135:1
6)
    at Root.error 
(D:\study stuff\credi
t_risk_project\fronte
nd\node_modules\postc
ss\lib\node.js:146:32
)
    at Object.Once 
(D:\study stuff\credi
t_risk_project\fronte
nd\node_modules\@tail
windcss\postcss\dist\
index.js:10:6911)
    at async 
LazyResult.runAsync 
(D:\study stuff\credi
t_risk_project\fronte
nd\node_modules\postc
ss\lib\lazy-result.js
:293:11)
    at async 
runPostCSS (file:///D
:/study%20stuff/credi
t_risk_project/fronte
nd/node_modules/vite/
dist/node/chunks/conf
ig.js:30145:19)
    at async 
compilePostCSS (file:
///D:/study%20stuff/c
redit_risk_project/fr
ontend/node_modules/v
ite/dist/node/chunks/
config.js:30129:6)
    at async 
compileCSS (file:///D
:/study%20stuff/credi
t_risk_project/fronte
nd/node_modules/vite/
dist/node/chunks/conf
ig.js:30059:26)
    at async 
Object.handler (file:
///D:/study%20stuff/c
redit_risk_project/fr
ontend/node_modules/v
ite/dist/node/chunks/
config.js:29592:54)
    at async 
transform (file:///D:
/study%20stuff/credit
_risk_project/fronten
d/node_modules/rollup
/dist/es/shared/node-
entry.js:21246:16)
    at async ModuleLo
ader.addModuleSource 
(file:///D:/study%20s
tuff/credit_risk_proj
ect/frontend/node_mod
ules/rollup/dist/es/s
hared/node-entry.js:2
1474:36)[39m
